// Jest Snapshot v1, https://goo.gl/fbAQLP

exports[`array case1 1`] = `
Array [
  Array [
    Array [
      "array",
      "push",
    ],
    Array [
      Array [
        "arr",
      ],
    ],
    Array [
      4,
    ],
  ],
  Array [
    Array [
      "array",
      "splice",
    ],
    Array [
      Array [
        "arr",
      ],
    ],
    Array [
      2,
      1,
      7,
      8,
      9,
    ],
  ],
  Array [
    Array [
      "object",
      "set",
    ],
    Array [
      Array [
        "arr1",
        "0",
        "a",
      ],
    ],
    Array [
      0,
    ],
  ],
  Array [
    Array [
      "array",
      "push",
    ],
    Array [
      Array [
        "arr1",
      ],
    ],
    Array [
      Object {
        "a": 2,
      },
    ],
  ],
  Array [
    Array [
      "array",
      "splice",
    ],
    Array [
      Array [
        "arr2",
      ],
    ],
    Array [
      3,
      4,
      "d",
    ],
  ],
  Array [
    Array [
      "array",
      "pop",
    ],
    Array [
      Array [
        "arr3",
      ],
    ],
    Array [],
  ],
  Array [
    Array [
      "array",
      "unshift",
    ],
    Array [
      Array [
        "arr4",
      ],
    ],
    Array [
      0,
    ],
  ],
  Array [
    Array [
      "array",
      "shift",
    ],
    Array [
      Array [
        "arr5",
      ],
    ],
    Array [],
  ],
  Array [
    Array [
      "array",
      "set",
    ],
    Array [
      Array [
        "arr6",
        "0",
      ],
    ],
    Array [
      "c",
    ],
  ],
  Array [
    Array [
      "array",
      "set",
    ],
    Array [
      Array [
        "arr6",
        "2",
      ],
    ],
    Array [
      "a",
    ],
  ],
  Array [
    Array [
      "array",
      "set",
    ],
    Array [
      Array [
        "arr7",
        "0",
      ],
    ],
    Array [
      1,
    ],
  ],
  Array [
    Array [
      "array",
      "set",
    ],
    Array [
      Array [
        "arr7",
        "1",
      ],
    ],
    Array [
      2,
    ],
  ],
  Array [
    Array [
      "array",
      "set",
    ],
    Array [
      Array [
        "arr7",
        "2",
      ],
    ],
    Array [
      3,
    ],
  ],
  Array [
    Array [
      "array",
      "set",
    ],
    Array [
      Array [
        "arr7",
        "3",
      ],
    ],
    Array [
      6,
    ],
  ],
  Array [
    Array [
      "array",
      "set",
    ],
    Array [
      Array [
        "arr8",
        "length",
      ],
    ],
    Array [
      0,
    ],
  ],
  Array [
    Array [
      "array",
      "set",
    ],
    Array [
      Array [
        "arr9",
        "10",
      ],
    ],
    Array [
      10,
    ],
  ],
  Array [
    Array [
      "object",
      "delete",
    ],
    Array [
      Array [
        "arr10",
        "1",
      ],
    ],
    Array [],
  ],
]
`;

exports[`array case1 2`] = `
Array [
  Array [
    Array [
      "object",
      "set",
    ],
    Array [
      Array [
        "arr10",
        "1",
      ],
    ],
    Array [
      2,
    ],
  ],
  Array [
    Array [
      "array",
      "set",
    ],
    Array [
      Array [
        "arr9",
        "length",
      ],
    ],
    Array [
      3,
    ],
  ],
  Array [
    Array [
      "array",
      "push",
    ],
    Array [
      Array [
        "arr8",
      ],
    ],
    Array [
      1,
      2,
      3,
    ],
  ],
  Array [
    Array [
      "array",
      "set",
    ],
    Array [
      Array [
        "arr7",
        "3",
      ],
    ],
    Array [
      6,
    ],
  ],
  Array [
    Array [
      "array",
      "set",
    ],
    Array [
      Array [
        "arr7",
        "2",
      ],
    ],
    Array [
      3,
    ],
  ],
  Array [
    Array [
      "array",
      "set",
    ],
    Array [
      Array [
        "arr7",
        "1",
      ],
    ],
    Array [
      1,
    ],
  ],
  Array [
    Array [
      "array",
      "set",
    ],
    Array [
      Array [
        "arr7",
        "0",
      ],
    ],
    Array [
      2,
    ],
  ],
  Array [
    Array [
      "array",
      "set",
    ],
    Array [
      Array [
        "arr6",
        "2",
      ],
    ],
    Array [
      "c",
    ],
  ],
  Array [
    Array [
      "array",
      "set",
    ],
    Array [
      Array [
        "arr6",
        "0",
      ],
    ],
    Array [
      "a",
    ],
  ],
  Array [
    Array [
      "array",
      "unshift",
    ],
    Array [
      Array [
        "arr5",
      ],
    ],
    Array [
      "a",
    ],
  ],
  Array [
    Array [
      "array",
      "splice",
    ],
    Array [
      Array [
        "arr4",
      ],
    ],
    Array [
      0,
      1,
    ],
  ],
  Array [
    Array [
      "array",
      "push",
    ],
    Array [
      Array [
        "arr3",
      ],
    ],
    Array [
      "c",
    ],
  ],
  Array [
    Array [
      "array",
      "splice",
    ],
    Array [
      Array [
        "arr2",
      ],
    ],
    Array [
      3,
      1,
    ],
  ],
  Array [
    Array [
      "array",
      "set",
    ],
    Array [
      Array [
        "arr1",
        "length",
      ],
    ],
    Array [
      1,
    ],
  ],
  Array [
    Array [
      "object",
      "set",
    ],
    Array [
      Array [
        "arr1",
        "0",
        "a",
      ],
    ],
    Array [
      1,
    ],
  ],
  Array [
    Array [
      "array",
      "splice",
    ],
    Array [
      Array [
        "arr",
      ],
    ],
    Array [
      2,
      3,
      3,
    ],
  ],
  Array [
    Array [
      "array",
      "set",
    ],
    Array [
      Array [
        "arr",
        "length",
      ],
    ],
    Array [
      3,
    ],
  ],
]
`;

exports[`array case2 1`] = `
Array [
  Array [
    Array [
      "array",
      "push",
    ],
    Array [
      Array [
        "arr0",
      ],
    ],
    Array [
      Object {
        "bar": "str",
      },
    ],
  ],
  Array [
    Array [
      "array",
      "unshift",
    ],
    Array [
      Array [
        "arr0",
      ],
    ],
    Array [
      Object {
        "bar": "str",
      },
    ],
  ],
  Array [
    Array [
      "array",
      "push",
    ],
    Array [
      Array [
        "arr2",
      ],
    ],
    Array [
      Array [
        Array [
          "__MUTATIVE__",
          "arr1",
          "0",
        ],
      ],
    ],
  ],
  Array [
    Array [
      "object",
      "set",
    ],
    Array [
      Array [
        "arr1",
        "0",
        "bar",
      ],
      Array [
        "arr2",
        "2",
        "bar",
      ],
    ],
    Array [
      "new str111",
    ],
  ],
  Array [
    Array [
      "array",
      "shift",
    ],
    Array [
      Array [
        "arr1",
      ],
    ],
    Array [],
  ],
  Array [
    Array [
      "array",
      "set",
    ],
    Array [
      Array [
        "arr3",
        "length",
      ],
    ],
    Array [
      1,
    ],
  ],
  Array [
    Array [
      "array",
      "set",
    ],
    Array [
      Array [
        "arr4",
        "length",
      ],
    ],
    Array [
      0,
    ],
  ],
  Array [
    Array [
      "array",
      "splice",
    ],
    Array [
      Array [
        "arr2",
      ],
    ],
    Array [
      1,
      4,
    ],
  ],
]
`;

exports[`array case2 2`] = `
Array [
  Array [
    Array [
      "array",
      "splice",
    ],
    Array [
      Array [
        "arr2",
      ],
    ],
    Array [
      1,
      0,
      Object {
        "bar": "str1",
      },
      Array [
        Array [
          "__MUTATIVE__",
          "arr1",
          "0",
        ],
        Array [
          "__MUTATIVE__",
          "arr2",
          "2",
        ],
      ],
    ],
  ],
  Array [
    Array [
      "array",
      "push",
    ],
    Array [
      Array [
        "arr4",
      ],
    ],
    Array [
      Object {
        "bar": "str1",
      },
      Object {
        "bar": "str1",
      },
    ],
  ],
  Array [
    Array [
      "array",
      "push",
    ],
    Array [
      Array [
        "arr3",
      ],
    ],
    Array [
      Object {
        "bar": "str1",
      },
    ],
  ],
  Array [
    Array [
      "array",
      "unshift",
    ],
    Array [
      Array [
        "arr1",
      ],
    ],
    Array [
      Array [
        Array [
          "__MUTATIVE__",
          "arr1",
          "0",
        ],
        Array [
          "__MUTATIVE__",
          "arr2",
          "2",
        ],
      ],
    ],
  ],
  Array [
    Array [
      "object",
      "set",
    ],
    Array [
      Array [
        "arr1",
        "0",
        "bar",
      ],
      Array [
        "arr2",
        "2",
        "bar",
      ],
    ],
    Array [
      "str1",
    ],
  ],
  Array [
    Array [
      "array",
      "set",
    ],
    Array [
      Array [
        "arr2",
        "length",
      ],
    ],
    Array [
      2,
    ],
  ],
  Array [
    Array [
      "array",
      "splice",
    ],
    Array [
      Array [
        "arr0",
      ],
    ],
    Array [
      0,
      1,
    ],
  ],
  Array [
    Array [
      "array",
      "set",
    ],
    Array [
      Array [
        "arr0",
        "length",
      ],
    ],
    Array [
      2,
    ],
  ],
]
`;

exports[`enablePatches and assign with ref array 1`] = `
Array [
  Array [
    Array [
      "array",
      "push",
    ],
    Array [
      Array [
        "arr0",
      ],
    ],
    Array [
      Array [
        Array [
          "__MUTATIVE__",
          "arr1",
          "0",
        ],
      ],
      Array [
        Array [
          "__MUTATIVE__",
          "a",
          "b",
        ],
      ],
    ],
  ],
  Array [
    Array [
      "object",
      "set",
    ],
    Array [
      Array [
        "a",
        "b",
        "c",
      ],
    ],
    Array [
      2,
    ],
  ],
  Array [
    Array [
      "object",
      "set",
    ],
    Array [
      Array [
        "a",
        "b",
        "c",
      ],
    ],
    Array [
      333,
    ],
  ],
  Array [
    Array [
      "object",
      "delete",
    ],
    Array [
      Array [
        "a",
        "b",
      ],
    ],
    Array [],
  ],
  Array [
    Array [
      "object",
      "set",
    ],
    Array [
      Array [
        "arr1",
        "0",
        "a",
      ],
    ],
    Array [
      222,
    ],
  ],
  Array [
    Array [
      "object",
      "set",
    ],
    Array [
      Array [
        "arr1",
        "0",
        "a",
      ],
      Array [
        "arr0",
        "1",
        "a",
      ],
    ],
    Array [
      333,
    ],
  ],
  Array [
    Array [
      "object",
      "set",
    ],
    Array [
      Array [
        "a",
        "b",
        "a",
      ],
      Array [
        "arr0",
        "2",
        "a",
      ],
    ],
    Array [
      444,
    ],
  ],
  Array [
    Array [
      "array",
      "splice",
    ],
    Array [
      Array [
        "arr0",
      ],
    ],
    Array [
      0,
      2,
    ],
  ],
]
`;

exports[`enablePatches and assign with ref array 2`] = `
Array [
  Array [
    Array [
      "array",
      "splice",
    ],
    Array [
      Array [
        "arr0",
      ],
    ],
    Array [
      0,
      0,
      Object {
        "a": 1,
      },
      Array [
        Array [
          "__MUTATIVE__",
          "arr1",
          "0",
        ],
        Array [
          "__MUTATIVE__",
          "arr0",
          "1",
        ],
      ],
    ],
  ],
  Array [
    Array [
      "object",
      "delete",
    ],
    Array [
      Array [
        "a",
        "b",
        "a",
      ],
      Array [
        "arr0",
        "2",
        "a",
      ],
    ],
    Array [],
  ],
  Array [
    Array [
      "object",
      "set",
    ],
    Array [
      Array [
        "arr1",
        "0",
        "a",
      ],
      Array [
        "arr0",
        "1",
        "a",
      ],
    ],
    Array [
      222,
    ],
  ],
  Array [
    Array [
      "object",
      "set",
    ],
    Array [
      Array [
        "arr1",
        "0",
        "a",
      ],
    ],
    Array [
      1,
    ],
  ],
  Array [
    Array [
      "object",
      "set",
    ],
    Array [
      Array [
        "a",
        "b",
      ],
    ],
    Array [
      Object {
        "c": 333,
      },
    ],
  ],
  Array [
    Array [
      "object",
      "set",
    ],
    Array [
      Array [
        "a",
        "b",
        "c",
      ],
    ],
    Array [
      2,
    ],
  ],
  Array [
    Array [
      "object",
      "set",
    ],
    Array [
      Array [
        "a",
        "b",
        "c",
      ],
    ],
    Array [
      1,
    ],
  ],
  Array [
    Array [
      "array",
      "set",
    ],
    Array [
      Array [
        "arr0",
        "length",
      ],
    ],
    Array [
      1,
    ],
  ],
]
`;

exports[`enablePatches and assign with ref object 1`] = `
Array [
  Array [
    Array [
      "object",
      "set",
    ],
    Array [
      Array [
        "x",
      ],
    ],
    Array [
      Array [
        Array [
          "__MUTATIVE__",
          "a",
          "b",
        ],
      ],
    ],
  ],
  Array [
    Array [
      "object",
      "set",
    ],
    Array [
      Array [
        "x1",
      ],
    ],
    Array [
      Array [
        Array [
          "__MUTATIVE__",
          "a",
          "b",
        ],
      ],
    ],
  ],
  Array [
    Array [
      "array",
      "push",
    ],
    Array [
      Array [
        "a",
        "arr",
      ],
    ],
    Array [
      1,
    ],
  ],
  Array [
    Array [
      "object",
      "set",
    ],
    Array [
      Array [
        "a",
        "b",
        "c",
      ],
    ],
    Array [
      2,
    ],
  ],
  Array [
    Array [
      "object",
      "set",
    ],
    Array [
      Array [
        "a",
        "b",
        "c",
      ],
    ],
    Array [
      333,
    ],
  ],
  Array [
    Array [
      "array",
      "push",
    ],
    Array [
      Array [
        "a",
        "arr",
      ],
    ],
    Array [
      2,
    ],
  ],
]
`;

exports[`enablePatches and assign with ref object 2`] = `
Array [
  Array [
    Array [
      "array",
      "set",
    ],
    Array [
      Array [
        "a",
        "arr",
        "length",
      ],
    ],
    Array [
      1,
    ],
  ],
  Array [
    Array [
      "object",
      "set",
    ],
    Array [
      Array [
        "a",
        "b",
        "c",
      ],
    ],
    Array [
      2,
    ],
  ],
  Array [
    Array [
      "object",
      "set",
    ],
    Array [
      Array [
        "a",
        "b",
        "c",
      ],
    ],
    Array [
      1,
    ],
  ],
  Array [
    Array [
      "array",
      "set",
    ],
    Array [
      Array [
        "a",
        "arr",
        "length",
      ],
    ],
    Array [
      0,
    ],
  ],
  Array [
    Array [
      "object",
      "delete",
    ],
    Array [
      Array [
        "x1",
      ],
    ],
    Array [],
  ],
  Array [
    Array [
      "object",
      "delete",
    ],
    Array [
      Array [
        "x",
      ],
    ],
    Array [],
  ],
]
`;

exports[`enablePatches and assign/delete with ref object 1`] = `
Array [
  Array [
    Array [
      "object",
      "set",
    ],
    Array [
      Array [
        "x",
      ],
    ],
    Array [
      Array [
        Array [
          "__MUTATIVE__",
          "a",
          "b",
        ],
      ],
    ],
  ],
  Array [
    Array [
      "object",
      "set",
    ],
    Array [
      Array [
        "x1",
      ],
    ],
    Array [
      Array [
        Array [
          "__MUTATIVE__",
          "a",
          "b",
        ],
      ],
    ],
  ],
  Array [
    Array [
      "array",
      "push",
    ],
    Array [
      Array [
        "a",
        "arr",
      ],
    ],
    Array [
      1,
    ],
  ],
  Array [
    Array [
      "object",
      "set",
    ],
    Array [
      Array [
        "a",
        "b",
        "c",
      ],
    ],
    Array [
      2,
    ],
  ],
  Array [
    Array [
      "object",
      "set",
    ],
    Array [
      Array [
        "a",
        "b",
        "c",
      ],
    ],
    Array [
      333,
    ],
  ],
  Array [
    Array [
      "object",
      "delete",
    ],
    Array [
      Array [
        "a",
        "b",
      ],
    ],
    Array [],
  ],
  Array [
    Array [
      "array",
      "push",
    ],
    Array [
      Array [
        "a",
        "arr",
      ],
    ],
    Array [
      2,
    ],
  ],
  Array [
    Array [
      "object",
      "set",
    ],
    Array [
      Array [
        "a",
        "b",
        "c",
      ],
      Array [
        "x1",
        "c",
      ],
    ],
    Array [
      444,
    ],
  ],
  Array [
    Array [
      "object",
      "set",
    ],
    Array [
      Array [
        "a",
        "b",
      ],
    ],
    Array [
      Object {
        "f": 1,
      },
    ],
  ],
]
`;

exports[`enablePatches and assign/delete with ref object 2`] = `
Array [
  Array [
    Array [
      "object",
      "delete",
    ],
    Array [
      Array [
        "a",
        "b",
      ],
    ],
    Array [],
  ],
  Array [
    Array [
      "object",
      "set",
    ],
    Array [
      Array [
        "a",
        "b",
        "c",
      ],
      Array [
        "x1",
        "c",
      ],
    ],
    Array [
      333,
    ],
  ],
  Array [
    Array [
      "array",
      "set",
    ],
    Array [
      Array [
        "a",
        "arr",
        "length",
      ],
    ],
    Array [
      1,
    ],
  ],
  Array [
    Array [
      "object",
      "set",
    ],
    Array [
      Array [
        "a",
        "b",
      ],
    ],
    Array [
      Object {
        "c": 333,
      },
    ],
  ],
  Array [
    Array [
      "object",
      "set",
    ],
    Array [
      Array [
        "a",
        "b",
        "c",
      ],
    ],
    Array [
      2,
    ],
  ],
  Array [
    Array [
      "object",
      "set",
    ],
    Array [
      Array [
        "a",
        "b",
        "c",
      ],
    ],
    Array [
      1,
    ],
  ],
  Array [
    Array [
      "array",
      "set",
    ],
    Array [
      Array [
        "a",
        "arr",
        "length",
      ],
    ],
    Array [
      0,
    ],
  ],
  Array [
    Array [
      "object",
      "delete",
    ],
    Array [
      Array [
        "x1",
      ],
    ],
    Array [],
  ],
  Array [
    Array [
      "object",
      "delete",
    ],
    Array [
      Array [
        "x",
      ],
    ],
    Array [],
  ],
]
`;

exports[`map 1`] = `
Array [
  Array [
    Array [
      "map",
      "set",
    ],
    Array [
      Array [
        "map",
        2,
      ],
    ],
    Array [
      "b",
      Object {
        "bar": "str",
      },
    ],
  ],
  Array [
    Array [
      "object",
      "set",
    ],
    Array [
      Array [
        "map",
        0,
        "bar",
      ],
    ],
    Array [
      "new str",
    ],
  ],
  Array [
    Array [
      "map",
      "clear",
    ],
    Array [
      Array [
        "map1",
        -1,
      ],
    ],
    Array [],
  ],
  Array [
    Array [
      "map",
      "set",
    ],
    Array [
      Array [
        "map3",
        0,
      ],
    ],
    Array [
      "a",
      Array [
        Array [
          "__MUTATIVE__",
          "map2",
          1,
        ],
        Array [
          "__MUTATIVE__",
          "map3",
          0,
        ],
      ],
    ],
  ],
  Array [
    Array [
      "object",
      "set",
    ],
    Array [
      Array [
        "map2",
        1,
        "bar",
      ],
      Array [
        "map3",
        0,
        "bar",
      ],
    ],
    Array [
      "new str",
    ],
  ],
  Array [
    Array [
      "map",
      "delete",
    ],
    Array [
      Array [
        "map2",
        1,
      ],
    ],
    Array [],
  ],
  Array [
    Array [
      "object",
      "set",
    ],
    Array [
      Array [
        "map4",
        0,
        "bar",
      ],
    ],
    Array [
      "new str_a",
    ],
  ],
  Array [
    Array [
      "map",
      "delete",
    ],
    Array [
      Array [
        "map4",
        0,
      ],
    ],
    Array [],
  ],
]
`;

exports[`map 2`] = `
Array [
  Array [
    Array [
      "map",
      "set",
    ],
    Array [
      Array [
        "map4",
        0,
      ],
    ],
    Array [
      "a",
      Object {
        "bar": "new str_a",
      },
    ],
  ],
  Array [
    Array [
      "object",
      "set",
    ],
    Array [
      Array [
        "map4",
        0,
        "bar",
      ],
    ],
    Array [
      "str_a",
    ],
  ],
  Array [
    Array [
      "map",
      "set",
    ],
    Array [
      Array [
        "map2",
        1,
      ],
    ],
    Array [
      "c",
      Object {
        "bar": "new str",
      },
    ],
  ],
  Array [
    Array [
      "object",
      "set",
    ],
    Array [
      Array [
        "map2",
        1,
        "bar",
      ],
      Array [
        "map3",
        0,
        "bar",
      ],
    ],
    Array [
      "str",
    ],
  ],
  Array [
    Array [
      "map",
      "set",
    ],
    Array [
      Array [
        "map3",
        0,
      ],
    ],
    Array [
      "a",
      Object {
        "bar": "str",
      },
    ],
  ],
  Array [
    Array [
      "map",
      "construct",
    ],
    Array [
      Array [
        "map1",
        -1,
      ],
    ],
    Array [
      Array [
        "a",
        Object {
          "bar": "str",
        },
      ],
      Array [
        "c",
        Object {
          "bar": "str",
        },
      ],
    ],
  ],
  Array [
    Array [
      "object",
      "set",
    ],
    Array [
      Array [
        "map",
        0,
        "bar",
      ],
    ],
    Array [
      "str",
    ],
  ],
  Array [
    Array [
      "map",
      "delete",
    ],
    Array [
      Array [
        "map",
        2,
      ],
    ],
    Array [],
  ],
]
`;

exports[`object with delete 1`] = `
Array [
  Array [
    Array [
      "object",
      "set",
    ],
    Array [
      Array [
        "foobar",
        "baz",
      ],
    ],
    Array [
      "new str",
    ],
  ],
  Array [
    Array [
      "object",
      "delete",
    ],
    Array [
      Array [
        "foobar",
      ],
    ],
    Array [],
  ],
  Array [
    Array [
      "object",
      "set",
    ],
    Array [
      Array [
        "foobar",
        "baz",
      ],
    ],
    Array [
      "new str1",
    ],
  ],
  Array [
    Array [
      "object",
      "set",
    ],
    Array [
      Array [
        "foobar1",
      ],
    ],
    Array [
      Object {
        "baz": "new str1",
      },
    ],
  ],
  Array [
    Array [
      "object",
      "set",
    ],
    Array [
      Array [
        "foobar",
        "baz",
      ],
      Array [
        "foobar1",
        "baz",
      ],
    ],
    Array [
      "new str2",
    ],
  ],
]
`;

exports[`object with delete 2`] = `
Array [
  Array [
    Array [
      "object",
      "set",
    ],
    Array [
      Array [
        "foobar",
        "baz",
      ],
      Array [
        "foobar1",
        "baz",
      ],
    ],
    Array [
      "new str1",
    ],
  ],
  Array [
    Array [
      "object",
      "delete",
    ],
    Array [
      Array [
        "foobar1",
      ],
    ],
    Array [],
  ],
  Array [
    Array [
      "object",
      "set",
    ],
    Array [
      Array [
        "foobar",
        "baz",
      ],
    ],
    Array [
      "new str",
    ],
  ],
  Array [
    Array [
      "object",
      "set",
    ],
    Array [
      Array [
        "foobar",
      ],
    ],
    Array [
      Object {
        "baz": "new str",
      },
    ],
  ],
  Array [
    Array [
      "object",
      "set",
    ],
    Array [
      Array [
        "foobar",
        "baz",
      ],
    ],
    Array [
      "str",
    ],
  ],
]
`;

exports[`set 1`] = `
Array [
  Array [
    Array [
      "set",
      "add",
    ],
    Array [
      Array [
        "set",
        3,
      ],
    ],
    Array [
      Object {
        "bar": "str",
      },
    ],
  ],
  Array [
    Array [
      "object",
      "set",
    ],
    Array [
      Array [
        "set",
        0,
        "bar",
      ],
    ],
    Array [
      "new str0",
    ],
  ],
  Array [
    Array [
      "set",
      "clear",
    ],
    Array [
      Array [
        "set1",
        -1,
      ],
    ],
    Array [],
  ],
  Array [
    Array [
      "set",
      "add",
    ],
    Array [
      Array [
        "set3",
        3,
      ],
    ],
    Array [
      Array [
        Array [
          "__MUTATIVE__",
          "set",
          0,
        ],
        Array [
          "__MUTATIVE__",
          "set3",
          2,
        ],
      ],
    ],
  ],
  Array [
    Array [
      "object",
      "set",
    ],
    Array [
      Array [
        "set",
        0,
        "bar",
      ],
      Array [
        "set3",
        2,
        "bar",
      ],
    ],
    Array [
      "new str1",
    ],
  ],
  Array [
    Array [
      "set",
      "delete",
    ],
    Array [
      Array [
        "set",
        0,
      ],
    ],
    Array [],
  ],
  Array [
    Array [
      "object",
      "set",
    ],
    Array [
      Array [
        "set4",
        0,
        "bar",
      ],
    ],
    Array [
      "new str_a",
    ],
  ],
  Array [
    Array [
      "set",
      "delete",
    ],
    Array [
      Array [
        "set4",
        0,
      ],
    ],
    Array [],
  ],
]
`;

exports[`set 2`] = `
Array [
  Array [
    Array [
      "set",
      "add",
    ],
    Array [
      Array [
        "set4",
        0,
      ],
    ],
    Array [
      Object {
        "bar": "new str_a",
      },
    ],
  ],
  Array [
    Array [
      "object",
      "set",
    ],
    Array [
      Array [
        "set4",
        0,
        "bar",
      ],
    ],
    Array [
      "str",
    ],
  ],
  Array [
    Array [
      "set",
      "add",
    ],
    Array [
      Array [
        "set",
        0,
      ],
    ],
    Array [
      Object {
        "bar": "new str1",
      },
    ],
  ],
  Array [
    Array [
      "object",
      "set",
    ],
    Array [
      Array [
        "set",
        0,
        "bar",
      ],
      Array [
        "set3",
        2,
        "bar",
      ],
    ],
    Array [
      "new str0",
    ],
  ],
  Array [
    Array [
      "set",
      "delete",
    ],
    Array [
      Array [
        "set3",
        2,
      ],
    ],
    Array [],
  ],
  Array [
    Array [
      "set",
      "construct",
    ],
    Array [
      Array [
        "set1",
        -1,
      ],
    ],
    Array [
      Array [
        Object {
          "bar": "str",
        },
        Object {
          "bar": "str",
        },
      ],
    ],
  ],
  Array [
    Array [
      "object",
      "set",
    ],
    Array [
      Array [
        "set",
        0,
        "bar",
      ],
    ],
    Array [
      "str1111",
    ],
  ],
  Array [
    Array [
      "set",
      "delete",
    ],
    Array [
      Array [
        "set",
        2,
      ],
    ],
    Array [],
  ],
]
`;

exports[`simple array 1`] = `
Array [
  Array [
    Array [
      "array",
      "push",
    ],
    Array [
      Array [
        "arr0",
      ],
    ],
    Array [
      Array [
        Array [
          "__MUTATIVE__",
          "arr1",
          "0",
        ],
      ],
    ],
  ],
  Array [
    Array [
      "object",
      "set",
    ],
    Array [
      Array [
        "arr1",
        "0",
        "a",
      ],
      Array [
        "arr0",
        "1",
        "a",
      ],
    ],
    Array [
      2,
    ],
  ],
  Array [
    Array [
      "array",
      "pop",
    ],
    Array [
      Array [
        "arr0",
      ],
    ],
    Array [],
  ],
]
`;

exports[`simple array 2`] = `
Array [
  Array [
    Array [
      "array",
      "push",
    ],
    Array [
      Array [
        "arr0",
      ],
    ],
    Array [
      Array [
        Array [
          "__MUTATIVE__",
          "arr1",
          "0",
        ],
        Array [
          "__MUTATIVE__",
          "arr0",
          "1",
        ],
      ],
    ],
  ],
  Array [
    Array [
      "object",
      "set",
    ],
    Array [
      Array [
        "arr1",
        "0",
        "a",
      ],
      Array [
        "arr0",
        "1",
        "a",
      ],
    ],
    Array [
      1,
    ],
  ],
  Array [
    Array [
      "array",
      "set",
    ],
    Array [
      Array [
        "arr0",
        "length",
      ],
    ],
    Array [
      1,
    ],
  ],
]
`;

exports[`simple map 1`] = `
Array [
  Array [
    Array [
      "map",
      "set",
    ],
    Array [
      Array [
        "map",
        2,
      ],
    ],
    Array [
      "b",
      Object {
        "bar": "str",
      },
    ],
  ],
  Array [
    Array [
      "object",
      "set",
    ],
    Array [
      Array [
        "map",
        0,
        "bar",
      ],
    ],
    Array [
      "new str",
    ],
  ],
  Array [
    Array [
      "object",
      "set",
    ],
    Array [
      Array [
        "map",
        0,
        "bar",
      ],
    ],
    Array [
      "new str",
    ],
  ],
]
`;

exports[`simple map 2`] = `
Array [
  Array [
    Array [
      "object",
      "set",
    ],
    Array [
      Array [
        "map",
        0,
        "bar",
      ],
    ],
    Array [
      "new str",
    ],
  ],
  Array [
    Array [
      "object",
      "set",
    ],
    Array [
      Array [
        "map",
        0,
        "bar",
      ],
    ],
    Array [
      "str",
    ],
  ],
  Array [
    Array [
      "map",
      "delete",
    ],
    Array [
      Array [
        "map",
        2,
      ],
    ],
    Array [],
  ],
]
`;

exports[`simple set 1`] = `
Array [
  Array [
    Array [
      "set",
      "add",
    ],
    Array [
      Array [
        "set",
        3,
      ],
    ],
    Array [
      Object {
        "bar": "str1",
      },
    ],
  ],
  Array [
    Array [
      "object",
      "set",
    ],
    Array [
      Array [
        "set",
        0,
        "bar",
      ],
    ],
    Array [
      "new str0",
    ],
  ],
  Array [
    Array [
      "object",
      "set",
    ],
    Array [
      Array [
        "set",
        1,
        "bar",
      ],
    ],
    Array [
      "new str1",
    ],
  ],
]
`;

exports[`simple set 2`] = `
Array [
  Array [
    Array [
      "object",
      "set",
    ],
    Array [
      Array [
        "set",
        1,
        "bar",
      ],
    ],
    Array [
      "str",
    ],
  ],
  Array [
    Array [
      "object",
      "set",
    ],
    Array [
      Array [
        "set",
        0,
        "bar",
      ],
    ],
    Array [
      "str",
    ],
  ],
  Array [
    Array [
      "set",
      "delete",
    ],
    Array [
      Array [
        "set",
        2,
      ],
    ],
    Array [],
  ],
]
`;
