// Jest Snapshot v1, https://goo.gl/fbAQLP

exports[`base functionality - proxy (autofreeze)(patch listener) array drafts throws when a non-numeric property is added 1`] = `"Only supports setting array indices and the 'length' property."`;

exports[`base functionality - proxy (autofreeze)(patch listener) array drafts throws when a non-numeric property is deleted 1`] = `"Only supports setting array indices and the 'length' property."`;

exports[`base functionality - proxy (autofreeze)(patch listener) async recipe function works with rejected promises 1`] = `"Cannot perform 'get' on a proxy that has been revoked"`;

exports[`base functionality - proxy (autofreeze)(patch listener) revokes the draft once produce returns 1`] = `"Cannot perform 'get' on a proxy that has been revoked"`;

exports[`base functionality - proxy (autofreeze)(patch listener) revokes the draft once produce returns 2`] = `"Cannot perform 'set' on a proxy that has been revoked"`;

exports[`base functionality - proxy (autofreeze)(patch listener) revokes the draft once produce returns 3`] = `"Cannot perform 'get' on a proxy that has been revoked"`;

exports[`base functionality - proxy (autofreeze)(patch listener) revokes the draft once produce returns 4`] = `"Cannot perform 'set' on a proxy that has been revoked"`;

exports[`base functionality - proxy (autofreeze)(patch listener) revokes the draft once produce returns 5`] = `"Cannot perform 'get' on a proxy that has been revoked"`;

exports[`base functionality - proxy (autofreeze)(patch listener) revokes the draft once produce returns 6`] = `"Cannot perform 'set' on a proxy that has been revoked"`;

exports[`base functionality - proxy (autofreeze)(patch listener) revokes the draft once produce returns 7`] = `"Cannot perform 'get' on a proxy that has been revoked"`;

exports[`base functionality - proxy (autofreeze)(patch listener) revokes the draft once produce returns 8`] = `"Cannot perform 'set' on a proxy that has been revoked"`;

exports[`base functionality - proxy (autofreeze)(patch listener) throws when Object.defineProperty() is used on drafts 1`] = `"Cannot call 'defineProperty()' on drafts"`;

exports[`base functionality - proxy (autofreeze)(patch listener) throws when Object.setPrototypeOf() is used on a draft 1`] = `"Cannot call 'setPrototypeOf()' on drafts"`;

exports[`base functionality - proxy (autofreeze)(patch listener) throws when the draft is modified and another object is returned 1`] = `"The create() callback must return 'void' or 'Promise<void>'."`;

exports[`complex nesting map / set / object modify deep object 1`] = `
Object {
  "map": Map {
    "set1" => Set {
      Object {
        "a": 2,
      },
      Object {
        "b": 2,
      },
    },
    "set2" => Set {
      Object {
        "c": 3,
      },
    },
  },
}
`;

exports[`complex nesting map / set / object modify deep object 2`] = `
Array [
  Object {
    "op": "replace",
    "path": Array [
      "map",
      "set1",
      0,
      "a",
    ],
    "value": 2,
  },
]
`;
