// Jest Snapshot v1, https://goo.gl/fbAQLP

exports[`manual - proxy cannot modify after finish 1`] = `"Cannot perform 'set' on a proxy that has been revoked"`;

exports[`manual - proxy should check arguments 1`] = `"create() only supports plain object, array, set, and map."`;

exports[`manual - proxy should check arguments 2`] = `"create() only supports plain object, array, set, and map."`;
